// Jest Snapshot v1, https://goo.gl/fbAQLP

exports[`Direction test 1`] = `
<Icon
  name="navigation"
  style={
    Object {
      "transform": "rotate(173deg)",
    }
  }
/>
`;

exports[`Pre population test 1`] = `<div />`;

exports[`Proximity test 1`] = `
<Icon
  name="star"
/>
`;
